
> storepilot@0.1.0 build
> next build

Γû▓ Next.js 16.2.1 (Turbopack)
- Environments: .env.local, .env.production

  Creating an optimized production build ...
node.exe : 
At C:\Program Files\nodejs\npm.ps1:29 
char:3
+   & $NODE_EXE $NPM_CLI_JS $args
+   ~~~~~~~~~~~~~~~~~~~~~~~~~~~~~
    + CategoryInfo          : 
NotSpecifi    ed: (:String) [], 
RemoteException
    + FullyQualifiedErrorId : 
NativeComm    andError
 
> Build error occurred
Error: Turbopack build failed with 7 
errors:
./src/app/(dashboard)/inbox/client.tsx
:16:1
Module not found: Can't resolve 
'@/components/ui/avatar'
  [90m14 |[0m [36mimport[0m { 
[33mBadge[0m } [36mfrom[0m 
[32m"@/components/ui/badge"[0m;
  [90m15 |[0m [36mimport[0m { 
[33mScrollArea[0m } [36mfrom[0m [
32m"@/components/ui/scroll-area"[0m;
[31m[1m>[0m [90m16 |[0m 
[36mimport[0m { [33mAvatar[0m, 
[33mAvatarFallback[0m, 
[33mAvatarImage[0m } [36mfrom[0m 
[32m"@/components/ui/avatar"[0m;
  [90m   |[0m [31m[1m^^^^^^^^^^^^^
^^^^^^^^^^^^^^^^^^^^^^^^^^^^^^^^^^^^^^
^^^^^^^^^^^^^^^^^^^^^^^^^^[0m
  [90m17 |[0m [36mimport[0m { 
[33mSearch[0m, [33mSend[0m, 
[33mFileText[0m, [33mPhone[0m, 
[33mMessageCircle[0m, 
[33mAlertCircle[0m, [33mClock[0m 
} [36mfrom[0m [32m"lucide-r...[0m
  [90m18 |[0m [36mimport[0m { 
toast } [36mfrom[0m 
[32m"sonner"[0m;
  [90m19 |[0m [36mimport[0m { 
createClient } [36mfrom[0m 
[32m"@/lib/supabase/client"[0m;

Import map: aliased to relative 
'./src/components/ui/avatar' inside 
of [project]/


Import trace:
  Server Component:
    
./src/app/(dashboard)/inbox/client.tsx
    
./src/app/(dashboard)/inbox/page.tsx

https://nextjs.org/docs/messages/modul
e-not-found


./src/app/(dashboard)/inbox/client.tsx
:14:1
Module not found: Can't resolve 
'@/components/ui/badge'
  [90m12 |[0m [36mimport[0m { 
[33mInput[0m } [36mfrom[0m 
[32m"@/components/ui/input"[0m;
  [90m13 |[0m [36mimport[0m { 
[33mButton[0m } [36mfrom[0m 
[32m"@/components/ui/button"[0m;
[31m[1m>[0m [90m14 |[0m 
[36mimport[0m { [33mBadge[0m } 
[36mfrom[0m 
[32m"@/components/ui/badge"[0m;
  [90m   |[0m [31m[1m^^^^^^^^^^^^^
^^^^^^^^^^^^^^^^^^^^^^^^^^^^^^^^^[0m
  [90m15 |[0m [36mimport[0m { 
[33mScrollArea[0m } [36mfrom[0m [
32m"@/components/ui/scroll-area"[0m;
  [90m16 |[0m [36mimport[0m { 
[33mAvatar[0m, 
[33mAvatarFallback[0m, 
[33mAvatarImage[0m } [36mfrom[0m 
[32m"@/components/ui/avatar"[0m;
  [90m17 |[0m [36mimport[0m { 
[33mSearch[0m, [33mSend[0m, 
[33mFileText[0m, [33mPhone[0m, 
[33mMessageCircle[0m, 
[33mAlertCircle[0m, [33mClock[0m 
} [36mfrom[0m [32m"lucide-r...[0m

Import map: aliased to relative 
'./src/components/ui/badge' inside of 
[project]/


Import trace:
  Server Component:
    
./src/app/(dashboard)/inbox/client.tsx
    
./src/app/(dashboard)/inbox/page.tsx

https://nextjs.org/docs/messages/modul
e-not-found


./src/app/(dashboard)/inbox/client.tsx
:13:1
Module not found: Can't resolve 
'@/components/ui/button'
  [90m11 |[0m } [36mfrom[0m 
[32m"@/components/ui/card"[0m;
  [90m12 |[0m [36mimport[0m { 
[33mInput[0m } [36mfrom[0m 
[32m"@/components/ui/input"[0m;
[31m[1m>[0m [90m13 |[0m 
[36mimport[0m { [33mButton[0m } 
[36mfrom[0m 
[32m"@/components/ui/button"[0m;
  [90m   |[0m [31m[1m^^^^^^^^^^^^^
^^^^^^^^^^^^^^^^^^^^^^^^^^^^^^^^^^^[0
m
  [90m14 |[0m [36mimport[0m { 
[33mBadge[0m } [36mfrom[0m 
[32m"@/components/ui/badge"[0m;
  [90m15 |[0m [36mimport[0m { 
[33mScrollArea[0m } [36mfrom[0m [
32m"@/components/ui/scroll-area"[0m;
  [90m16 |[0m [36mimport[0m { 
[33mAvatar[0m, 
[33mAvatarFallback[0m, 
[33mAvatarImage[0m } [36mfrom[0m 
[32m"@/components/ui/avatar"[0m;

Import map: aliased to relative 
'./src/components/ui/button' inside 
of [project]/


Import trace:
  Server Component:
    
./src/app/(dashboard)/inbox/client.tsx
    
./src/app/(dashboard)/inbox/page.tsx

https://nextjs.org/docs/messages/modul
e-not-found


./src/app/(dashboard)/inbox/client.tsx
:5:1
Module not found: Can't resolve 
'@/components/ui/card'
  [90m 3 |[0m [36mimport[0m { 
useEffect, useState, useRef } 
[36mfrom[0m [32m"react"[0m;
  [90m 4 |[0m [36mimport[0m { 
format } [36mfrom[0m 
[32m"date-fns"[0m;
[31m[1m>[0m [90m 5 |[0m 
[36mimport[0m {
  [90m   |[0m [31m[1m^^^^^^^[0m
[31m[1m>[0m [90m 6 |[0m   
[33mCard[0m,
  [90m   |[0m [31m[1m^^^^^^^[0m
[31m[1m>[0m [90m 7 |[0m   
[33mCardContent[0m,
  [90m   |[0m 
[31m[1m^^^^^^^^^^^^^^[0m
[31m[1m>[0m [90m 8 |[0m   
[33mCardDescription[0m,
  [90m   |[0m 
[31m[1m^^^^^^^^^^^^^^^^^^[0m
[31m[1m>[0m [90m 9 |[0m   
[33mCardHeader[0m,
  [90m   |[0m 
[31m[1m^^^^^^^^^^^^^[0m
[31m[1m>[0m [90m10 |[0m   
[33mCardTitle[0m,
  [90m   |[0m 
[31m[1m^^^^^^^^^^^^[0m
[31m[1m>[0m [90m11 |[0m } 
[36mfrom[0m 
[32m"@/components/ui/card"[0m;
  [90m   |[0m [31m[1m^^^^^^^^^^^^^
^^^^^^^^^^^^^^^^^[0m
  [90m12 |[0m [36mimport[0m { 
[33mInput[0m } [36mfrom[0m 
[32m"@/components/ui/input"[0m;
  [90m13 |[0m [36mimport[0m { 
[33mButton[0m } [36mfrom[0m 
[32m"@/components/ui/button"[0m;
  [90m14 |[0m [36mimport[0m { 
[33mBadge[0m } [36mfrom[0m 
[32m"@/components/ui/badge"[0m;

Import map: aliased to relative 
'./src/components/ui/card' inside of 
[project]/


Import trace:
  Server Component:
    
./src/app/(dashboard)/inbox/client.tsx
    
./src/app/(dashboard)/inbox/page.tsx

https://nextjs.org/docs/messages/modul
e-not-found


./src/app/(dashboard)/inbox/client.tsx
:12:1
Module not found: Can't resolve 
'@/components/ui/input'
  [90m10 |[0m   [33mCardTitle[0m,
  [90m11 |[0m } [36mfrom[0m 
[32m"@/components/ui/card"[0m;
[31m[1m>[0m [90m12 |[0m 
[36mimport[0m { [33mInput[0m } 
[36mfrom[0m 
[32m"@/components/ui/input"[0m;
  [90m   |[0m [31m[1m^^^^^^^^^^^^^
^^^^^^^^^^^^^^^^^^^^^^^^^^^^^^^^^[0m
  [90m13 |[0m [36mimport[0m { 
[33mButton[0m } [36mfrom[0m 
[32m"@/components/ui/button"[0m;
  [90m14 |[0m [36mimport[0m { 
[33mBadge[0m } [36mfrom[0m 
[32m"@/components/ui/badge"[0m;
  [90m15 |[0m [36mimport[0m { 
[33mScrollArea[0m } [36mfrom[0m [
32m"@/components/ui/scroll-area"[0m;

Import map: aliased to relative 
'./src/components/ui/input' inside of 
[project]/


Import trace:
  Server Component:
    
./src/app/(dashboard)/inbox/client.tsx
    
./src/app/(dashboard)/inbox/page.tsx

https://nextjs.org/docs/messages/modul
e-not-found


./src/app/(dashboard)/inbox/client.tsx
:15:1
Module not found: Can't resolve 
'@/components/ui/scroll-area'
  [90m13 |[0m [36mimport[0m { 
[33mButton[0m } [36mfrom[0m 
[32m"@/components/ui/button"[0m;
  [90m14 |[0m [36mimport[0m { 
[33mBadge[0m } [36mfrom[0m 
[32m"@/components/ui/badge"[0m;
[31m[1m>[0m [90m15 |[0m 
[36mimport[0m { [33mScrollArea[0m 
} [36mfrom[0m [32m"@/components/ui/
scroll-area"[0m;
  [90m   |[0m [31m[1m^^^^^^^^^^^^^
^^^^^^^^^^^^^^^^^^^^^^^^^^^^^^^^^^^^^^
^^^^^^[0m
  [90m16 |[0m [36mimport[0m { 
[33mAvatar[0m, 
[33mAvatarFallback[0m, 
[33mAvatarImage[0m } [36mfrom[0m 
[32m"@/components/ui/avatar"[0m;
  [90m17 |[0m [36mimport[0m { 
[33mSearch[0m, [33mSend[0m, 
[33mFileText[0m, [33mPhone[0m, 
[33mMessageCircle[0m, 
[33mAlertCircle[0m, [33mClock[0m 
} [36mfrom[0m [32m"lucide-r...[0m
  [90m18 |[0m [36mimport[0m { 
toast } [36mfrom[0m 
[32m"sonner"[0m;

Import map: aliased to relative 
'./src/components/ui/scroll-area' 
inside of [project]/


Import trace:
  Server Component:
    
./src/app/(dashboard)/inbox/client.tsx
    
./src/app/(dashboard)/inbox/page.tsx

https://nextjs.org/docs/messages/modul
e-not-found


./src/app/(dashboard)/inbox/client.tsx
:4:1
Module not found: Can't resolve 
'date-fns'
  [90m2 |[0m
  [90m3 |[0m [36mimport[0m { 
useEffect, useState, useRef } 
[36mfrom[0m [32m"react"[0m;
[31m[1m>[0m [90m4 |[0m 
[36mimport[0m { format } 
[36mfrom[0m [32m"date-fns"[0m;
  [90m  |[0m [31m[1m^^^^^^^^^^^^^^
^^^^^^^^^^^^^^^^^^^^[0m
  [90m5 |[0m [36mimport[0m {
  [90m6 |[0m   [33mCard[0m,
  [90m7 |[0m   [33mCardContent[0m,



Import trace:
  Server Component:
    
./src/app/(dashboard)/inbox/client.tsx
    
./src/app/(dashboard)/inbox/page.tsx

https://nextjs.org/docs/messages/modul
e-not-found


    at <unknown> (./src/app/(dashboard
)/inbox/client.tsx:16:1)
    at <unknown> (https://nextjs.org/d
ocs/messages/module-not-found)
    at <unknown> (./src/app/(dashboard
)/inbox/client.tsx:14:1)
    at <unknown> (https://nextjs.org/d
ocs/messages/module-not-found)
    at <unknown> (./src/app/(dashboard
)/inbox/client.tsx:13:1)
    at <unknown> (https://nextjs.org/d
ocs/messages/module-not-found)
    at <unknown> (./src/app/(dashboard
)/inbox/client.tsx:5:1)
    at <unknown> (https://nextjs.org/d
ocs/messages/module-not-found)
    at <unknown> (./src/app/(dashboard
)/inbox/client.tsx:12:1)
    at <unknown> (https://nextjs.org/d
ocs/messages/module-not-found)
    at <unknown> (./src/app/(dashboard
)/inbox/client.tsx:15:1)
    at <unknown> (https://nextjs.org/d
ocs/messages/module-not-found)
    at <unknown> (./src/app/(dashboard
)/inbox/client.tsx:4:1)
    at <unknown> (https://nextjs.org/d
ocs/messages/module-not-found)
